// Vitest Snapshot v1, https://vitest.dev/guide/snapshot.html

exports[`analyzeMap > produces a stable snapshot for seed 1 1`] = `
{
  "distinctPathCount": 6,
  "longestPathLength": 5,
  "nodeCounts": {
    "boss": 1,
    "chest": 0,
    "combat": 6,
    "elite": 1,
    "event": 2,
    "rest": 0,
    "shop": 2,
  },
  "shortestPathLength": 5,
}
`;
